// Jest Snapshot v1, https://goo.gl/fbAQLP

exports[`<App /> Should render correctly 1`] = `
<Fragment>
  <main
    role="main"
  >
    <Switch>
      <Route
        component={[Function]}
        exact={true}
        path="/"
      />
      <Route
        component={[Function]}
        exact={true}
        path="/search"
      />
      <Route
        component={[Function]}
        path="/asset/:asset"
      />
    </Switch>
  </main>
</Fragment>
`;
